// Jest Snapshot v1, https://goo.gl/fbAQLP

exports[`NewSchedulePopup Should have input fields medicineName, dose, unit with given values 1`] = `
<div
  className="popup"
>
  <div
    className="popupContent"
  >
    <p>
      Add New Medicine Schedule
    </p>
    <div
      className="patientDetails"
    >
      <p>
        Cally Cardenas
      </p>
      <p>
        male
      </p>
      <p>
        33 yrs
      </p>
    </div>
    <input
      onChange={[Function]}
      placeholder="medicineName"
      type="text"
      value="Paracetmol"
    />
    <input
      onChange={[Function]}
      placeholder="dose"
      type="text"
      value={2}
    />
    <select
      className="chooseUnit"
      onChange={[Function]}
      value="TABLETS"
    >
      <option>
        CHOOSE UNIT
      </option>
      <option
        value="TABLETS"
      >
        TABLETS
      </option>
      <option
        value="CAPSULES"
      >
        CAPSULES
      </option>
      <option
        value="ML"
      >
        ML
      </option>
      <option
        value="MG"
      >
        MG
      </option>
      <option
        value="TEASPOON"
      >
        TEASPOON
      </option>
      <option
        value="TABLESPOON"
      >
        TABLESPOON
      </option>
    </select>
    <select
      className="chooseFrequency"
      onChange={[Function]}
      value="TWICE A DAY"
    >
      <option>
        CHOOSE FREQUENCY
      </option>
      <option
        value="ONCE A DAY"
      >
        ONCE A DAY
      </option>
      <option
        value="TWICE A DAY"
      >
        TWICE A DAY
      </option>
      <option
        value="THRICE A DAY"
      >
        THRICE A DAY
      </option>
      <option
        value="FOUR TIMES A DAY"
      >
        FOUR TIMES A DAY
      </option>
      <option
        value="ON ALTERNATE DAYS"
      >
        ON ALTERNATE DAYS
      </option>
    </select>
    <input
      onChange={[Function]}
      placeholder="startingDate"
      type="date"
      value={2018-06-07T21:00:00.000Z}
    />
    <div>
      <button
        onClick={[Function]}
      >
        + Add More Times
      </button>
    </div>
    <div>
      <button
        className="button"
        onClick={[Function]}
        value="Save"
      >
        Save
      </button>
      <button
        className="button"
        onClick={[Function]}
        value="Cancel"
      >
        Cancel
      </button>
    </div>
  </div>
</div>
`;
