// Jest Snapshot v1, https://goo.gl/fbAQLP

exports[`Should have NewSchedulePopup with having patient as property 1`] = `
<div>
  <div
    className="popup"
  >
    <div
      className="popupContent"
    >
      <p>
        Add New Medicine Schedule
      </p>
      <div
        className="patientDetails"
      >
        <p>
          Cally Cardenas
        </p>
        <p>
          male
        </p>
        <p>
          33 yrs
        </p>
      </div>
      <input
        onChange={[Function]}
        placeholder="medicineName"
        type="text"
        value=""
      />
      <input
        onChange={[Function]}
        placeholder="dose"
        type="text"
        value={0}
      />
      <select
        className="chooseUnit"
        onChange={[Function]}
        value=""
      >
        <option>
          CHOOSE UNIT
        </option>
        <option
          value="TABLETS"
        >
          TABLETS
        </option>
        <option
          value="CAPSULES"
        >
          CAPSULES
        </option>
        <option
          value="ML"
        >
          ML
        </option>
        <option
          value="MG"
        >
          MG
        </option>
        <option
          value="TEASPOON"
        >
          TEASPOON
        </option>
        <option
          value="TABLESPOON"
        >
          TABLESPOON
        </option>
      </select>
      <select
        className="chooseFrequency"
        onChange={[Function]}
        value={undefined}
      >
        <option>
          CHOOSE FREQUENCY
        </option>
        <option
          value="ONCE A DAY"
        >
          ONCE A DAY
        </option>
        <option
          value="TWICE A DAY"
        >
          TWICE A DAY
        </option>
        <option
          value="THRICE A DAY"
        >
          THRICE A DAY
        </option>
        <option
          value="FOUR TIMES A DAY"
        >
          FOUR TIMES A DAY
        </option>
        <option
          value="ON ALTERNATE DAYS"
        >
          ON ALTERNATE DAYS
        </option>
      </select>
      <input
        onChange={[Function]}
        placeholder="startingDate"
        type="date"
        value=""
      />
      <div>
        <button
          onClick={[Function]}
        >
          + Add More Times
        </button>
      </div>
      <div>
        <button
          className="button"
          onClick={[Function]}
          value="Save"
        >
          Save
        </button>
        <button
          className="button"
          onClick={[Function]}
          value="Cancel"
        >
          Cancel
        </button>
      </div>
    </div>
  </div>
  <div
    className="titles"
  >
    <div
      className="patientDetails"
    >
      <p>
        Cally Cardenas
      </p>
      <p>
        male
      </p>
      <p>
        33 yrs
      </p>
    </div>
    <button
      onClick={[Function]}
    >
      + add more
    </button>
    <p>
      Thu Jun 14 2018
    </p>
  </div>
  <div
    className="changeWeek"
  >
    <button
      className="pastWeek"
      onClick={[Function]}
    >
      &lt;
    </button>
    <p>
      10
      -
      16 Jun
    </p>
    <button
      className="nextWeek"
      onClick={[Function]}
    >
      &gt;
    </button>
  </div>
  <div>
    <table>
      <tbody>
        <tr>
          <th>
            medicineName
          </th>
          <th>
            Sun Jun 10 2018
          </th>
          <th>
            Mon Jun 11 2018
          </th>
          <th>
            Tue Jun 12 2018
          </th>
          <th>
            Wed Jun 13 2018
          </th>
          <th>
            Thu Jun 14 2018
          </th>
          <th>
            Fri Jun 15 2018
          </th>
          <th>
            Sat Jun 16 2018
          </th>
        </tr>
        <tr>
          <td>
            <div
              className="medicineDetails"
              onClick={[Function]}
            >
              <p>
                Dopamine 40mg/ml
              </p>
              <p>
                40
                 
                ML
              </p>
            </div>
          </td>
          <td>
            <div />
          </td>
          <td>
            <div />
          </td>
          <td>
            <div />
          </td>
          <td>
            <div />
          </td>
          <td>
            <div />
          </td>
          <td>
            <div />
          </td>
          <td>
            <div />
          </td>
        </tr>
        <tr>
          <td>
            <div
              className="medicineDetails"
              onClick={[Function]}
            >
              <p>
                Metformin 850mg
              </p>
              <p>
                1
                 
                TABLETS
              </p>
            </div>
          </td>
          <td>
            <div />
          </td>
          <td>
            <div />
          </td>
          <td>
            <div>
              <div
                className="schedule"
              >
                <p>
                  7:30
                </p>
                 
                <span>
                  ⚠
                </span>
              </div>
            </div>
          </td>
          <td>
            <div />
          </td>
          <td>
            <div>
              <div
                className="schedule"
              >
                <p>
                  2:30
                </p>
                 
                <span>
                  ✅
                </span>
              </div>
            </div>
          </td>
          <td>
            <div />
          </td>
          <td>
            <div />
          </td>
        </tr>
        <tr>
          <td>
            <div
              className="medicineDetails"
              onClick={[Function]}
            >
              <p>
                Paracetmol
              </p>
              <p>
                1
                 
                TABLETS
              </p>
            </div>
          </td>
          <td>
            <div />
          </td>
          <td>
            <div />
          </td>
          <td>
            <div />
          </td>
          <td>
            <div />
          </td>
          <td>
            <div />
          </td>
          <td>
            <div />
          </td>
          <td>
            <div />
          </td>
        </tr>
        <tr>
          <td>
            <div
              className="medicineDetails"
              onClick={[Function]}
            >
              <p>
                Crosine
              </p>
              <p>
                1
                 
                TABLETS
              </p>
            </div>
          </td>
          <td>
            <div />
          </td>
          <td>
            <div />
          </td>
          <td>
            <div />
          </td>
          <td>
            <div />
          </td>
          <td>
            <div />
          </td>
          <td>
            <div />
          </td>
          <td>
            <div />
          </td>
        </tr>
      </tbody>
    </table>
  </div>
</div>
`;

exports[`Should have WeekControl component with having property currentWeek 1`] = `
<div>
  <div
    className="popup"
  >
    <div
      className="popupContent"
    >
      <p>
        Add New Medicine Schedule
      </p>
      <div
        className="patientDetails"
      >
        <p>
          Cally Cardenas
        </p>
        <p>
          male
        </p>
        <p>
          33 yrs
        </p>
      </div>
      <input
        onChange={[Function]}
        placeholder="medicineName"
        type="text"
        value=""
      />
      <input
        onChange={[Function]}
        placeholder="dose"
        type="text"
        value={0}
      />
      <select
        className="chooseUnit"
        onChange={[Function]}
        value=""
      >
        <option>
          CHOOSE UNIT
        </option>
        <option
          value="TABLETS"
        >
          TABLETS
        </option>
        <option
          value="CAPSULES"
        >
          CAPSULES
        </option>
        <option
          value="ML"
        >
          ML
        </option>
        <option
          value="MG"
        >
          MG
        </option>
        <option
          value="TEASPOON"
        >
          TEASPOON
        </option>
        <option
          value="TABLESPOON"
        >
          TABLESPOON
        </option>
      </select>
      <select
        className="chooseFrequency"
        onChange={[Function]}
        value={undefined}
      >
        <option>
          CHOOSE FREQUENCY
        </option>
        <option
          value="ONCE A DAY"
        >
          ONCE A DAY
        </option>
        <option
          value="TWICE A DAY"
        >
          TWICE A DAY
        </option>
        <option
          value="THRICE A DAY"
        >
          THRICE A DAY
        </option>
        <option
          value="FOUR TIMES A DAY"
        >
          FOUR TIMES A DAY
        </option>
        <option
          value="ON ALTERNATE DAYS"
        >
          ON ALTERNATE DAYS
        </option>
      </select>
      <input
        onChange={[Function]}
        placeholder="startingDate"
        type="date"
        value=""
      />
      <div>
        <button
          onClick={[Function]}
        >
          + Add More Times
        </button>
      </div>
      <div>
        <button
          className="button"
          onClick={[Function]}
          value="Save"
        >
          Save
        </button>
        <button
          className="button"
          onClick={[Function]}
          value="Cancel"
        >
          Cancel
        </button>
      </div>
    </div>
  </div>
  <div
    className="titles"
  >
    <div
      className="patientDetails"
    >
      <p>
        Cally Cardenas
      </p>
      <p>
        male
      </p>
      <p>
        33 yrs
      </p>
    </div>
    <button
      onClick={[Function]}
    >
      + add more
    </button>
    <p>
      Thu Jun 14 2018
    </p>
  </div>
  <div
    className="changeWeek"
  >
    <button
      className="pastWeek"
      onClick={[Function]}
    >
      &lt;
    </button>
    <p>
      10
      -
      16 Jun
    </p>
    <button
      className="nextWeek"
      onClick={[Function]}
    >
      &gt;
    </button>
  </div>
  <div>
    <table>
      <tbody>
        <tr>
          <th>
            medicineName
          </th>
          <th>
            Sun Jun 10 2018
          </th>
          <th>
            Mon Jun 11 2018
          </th>
          <th>
            Tue Jun 12 2018
          </th>
          <th>
            Wed Jun 13 2018
          </th>
          <th>
            Thu Jun 14 2018
          </th>
          <th>
            Fri Jun 15 2018
          </th>
          <th>
            Sat Jun 16 2018
          </th>
        </tr>
        <tr>
          <td>
            <div
              className="medicineDetails"
              onClick={[Function]}
            >
              <p>
                Dopamine 40mg/ml
              </p>
              <p>
                40
                 
                ML
              </p>
            </div>
          </td>
          <td>
            <div />
          </td>
          <td>
            <div />
          </td>
          <td>
            <div />
          </td>
          <td>
            <div />
          </td>
          <td>
            <div />
          </td>
          <td>
            <div />
          </td>
          <td>
            <div />
          </td>
        </tr>
        <tr>
          <td>
            <div
              className="medicineDetails"
              onClick={[Function]}
            >
              <p>
                Metformin 850mg
              </p>
              <p>
                1
                 
                TABLETS
              </p>
            </div>
          </td>
          <td>
            <div />
          </td>
          <td>
            <div />
          </td>
          <td>
            <div>
              <div
                className="schedule"
              >
                <p>
                  7:30
                </p>
                 
                <span>
                  ⚠
                </span>
              </div>
            </div>
          </td>
          <td>
            <div />
          </td>
          <td>
            <div>
              <div
                className="schedule"
              >
                <p>
                  2:30
                </p>
                 
                <span>
                  ✅
                </span>
              </div>
            </div>
          </td>
          <td>
            <div />
          </td>
          <td>
            <div />
          </td>
        </tr>
        <tr>
          <td>
            <div
              className="medicineDetails"
              onClick={[Function]}
            >
              <p>
                Paracetmol
              </p>
              <p>
                1
                 
                TABLETS
              </p>
            </div>
          </td>
          <td>
            <div />
          </td>
          <td>
            <div />
          </td>
          <td>
            <div />
          </td>
          <td>
            <div />
          </td>
          <td>
            <div />
          </td>
          <td>
            <div />
          </td>
          <td>
            <div />
          </td>
        </tr>
        <tr>
          <td>
            <div
              className="medicineDetails"
              onClick={[Function]}
            >
              <p>
                Crosine
              </p>
              <p>
                1
                 
                TABLETS
              </p>
            </div>
          </td>
          <td>
            <div />
          </td>
          <td>
            <div />
          </td>
          <td>
            <div />
          </td>
          <td>
            <div />
          </td>
          <td>
            <div />
          </td>
          <td>
            <div />
          </td>
          <td>
            <div />
          </td>
        </tr>
      </tbody>
    </table>
  </div>
</div>
`;

exports[`Should have WeeklyTable component with having property currentWeek and currentWeekData 1`] = `
<div>
  <div
    className="popup"
  >
    <div
      className="popupContent"
    >
      <p>
        Add New Medicine Schedule
      </p>
      <div
        className="patientDetails"
      >
        <p>
          Cally Cardenas
        </p>
        <p>
          male
        </p>
        <p>
          33 yrs
        </p>
      </div>
      <input
        onChange={[Function]}
        placeholder="medicineName"
        type="text"
        value=""
      />
      <input
        onChange={[Function]}
        placeholder="dose"
        type="text"
        value={0}
      />
      <select
        className="chooseUnit"
        onChange={[Function]}
        value=""
      >
        <option>
          CHOOSE UNIT
        </option>
        <option
          value="TABLETS"
        >
          TABLETS
        </option>
        <option
          value="CAPSULES"
        >
          CAPSULES
        </option>
        <option
          value="ML"
        >
          ML
        </option>
        <option
          value="MG"
        >
          MG
        </option>
        <option
          value="TEASPOON"
        >
          TEASPOON
        </option>
        <option
          value="TABLESPOON"
        >
          TABLESPOON
        </option>
      </select>
      <select
        className="chooseFrequency"
        onChange={[Function]}
        value={undefined}
      >
        <option>
          CHOOSE FREQUENCY
        </option>
        <option
          value="ONCE A DAY"
        >
          ONCE A DAY
        </option>
        <option
          value="TWICE A DAY"
        >
          TWICE A DAY
        </option>
        <option
          value="THRICE A DAY"
        >
          THRICE A DAY
        </option>
        <option
          value="FOUR TIMES A DAY"
        >
          FOUR TIMES A DAY
        </option>
        <option
          value="ON ALTERNATE DAYS"
        >
          ON ALTERNATE DAYS
        </option>
      </select>
      <input
        onChange={[Function]}
        placeholder="startingDate"
        type="date"
        value=""
      />
      <div>
        <button
          onClick={[Function]}
        >
          + Add More Times
        </button>
      </div>
      <div>
        <button
          className="button"
          onClick={[Function]}
          value="Save"
        >
          Save
        </button>
        <button
          className="button"
          onClick={[Function]}
          value="Cancel"
        >
          Cancel
        </button>
      </div>
    </div>
  </div>
  <div
    className="titles"
  >
    <div
      className="patientDetails"
    >
      <p>
        Cally Cardenas
      </p>
      <p>
        male
      </p>
      <p>
        33 yrs
      </p>
    </div>
    <button
      onClick={[Function]}
    >
      + add more
    </button>
    <p>
      Thu Jun 14 2018
    </p>
  </div>
  <div
    className="changeWeek"
  >
    <button
      className="pastWeek"
      onClick={[Function]}
    >
      &lt;
    </button>
    <p>
      10
      -
      16 Jun
    </p>
    <button
      className="nextWeek"
      onClick={[Function]}
    >
      &gt;
    </button>
  </div>
  <div>
    <table>
      <tbody>
        <tr>
          <th>
            medicineName
          </th>
          <th>
            Sun Jun 10 2018
          </th>
          <th>
            Mon Jun 11 2018
          </th>
          <th>
            Tue Jun 12 2018
          </th>
          <th>
            Wed Jun 13 2018
          </th>
          <th>
            Thu Jun 14 2018
          </th>
          <th>
            Fri Jun 15 2018
          </th>
          <th>
            Sat Jun 16 2018
          </th>
        </tr>
        <tr>
          <td>
            <div
              className="medicineDetails"
              onClick={[Function]}
            >
              <p>
                Dopamine 40mg/ml
              </p>
              <p>
                40
                 
                ML
              </p>
            </div>
          </td>
          <td>
            <div />
          </td>
          <td>
            <div />
          </td>
          <td>
            <div />
          </td>
          <td>
            <div />
          </td>
          <td>
            <div />
          </td>
          <td>
            <div />
          </td>
          <td>
            <div />
          </td>
        </tr>
        <tr>
          <td>
            <div
              className="medicineDetails"
              onClick={[Function]}
            >
              <p>
                Metformin 850mg
              </p>
              <p>
                1
                 
                TABLETS
              </p>
            </div>
          </td>
          <td>
            <div />
          </td>
          <td>
            <div />
          </td>
          <td>
            <div>
              <div
                className="schedule"
              >
                <p>
                  7:30
                </p>
                 
                <span>
                  ⚠
                </span>
              </div>
            </div>
          </td>
          <td>
            <div />
          </td>
          <td>
            <div>
              <div
                className="schedule"
              >
                <p>
                  2:30
                </p>
                 
                <span>
                  ✅
                </span>
              </div>
            </div>
          </td>
          <td>
            <div />
          </td>
          <td>
            <div />
          </td>
        </tr>
        <tr>
          <td>
            <div
              className="medicineDetails"
              onClick={[Function]}
            >
              <p>
                Paracetmol
              </p>
              <p>
                1
                 
                TABLETS
              </p>
            </div>
          </td>
          <td>
            <div />
          </td>
          <td>
            <div />
          </td>
          <td>
            <div />
          </td>
          <td>
            <div />
          </td>
          <td>
            <div />
          </td>
          <td>
            <div />
          </td>
          <td>
            <div />
          </td>
        </tr>
        <tr>
          <td>
            <div
              className="medicineDetails"
              onClick={[Function]}
            >
              <p>
                Crosine
              </p>
              <p>
                1
                 
                TABLETS
              </p>
            </div>
          </td>
          <td>
            <div />
          </td>
          <td>
            <div />
          </td>
          <td>
            <div />
          </td>
          <td>
            <div />
          </td>
          <td>
            <div />
          </td>
          <td>
            <div />
          </td>
          <td>
            <div />
          </td>
        </tr>
      </tbody>
    </table>
  </div>
</div>
`;
