// Jest Snapshot v1, https://goo.gl/fbAQLP

exports[`Should be a div with 2 two buttons 1`] = `
<div>
  <button
    className="button"
    onClick={[Function]}
    value="Save"
  >
    Save
  </button>
  <button
    className="button"
    onClick={[Function]}
    value="Cancel"
  >
    Cancel
  </button>
</div>
`;
